// Bun Snapshot v1, https://bun.sh/docs/test/snapshots

exports[`specialist role definitions matches golden factory prompts and descriptions 1`] = `
[
  {
    "description": "Fast codebase search and pattern matching. Use for finding files, locating code patterns, and answering 'where is X?' questions.",
    "name": "explorer",
    "promptSha256": "96ce08020716ff43eb61fe5dd0cb5d296a3455e63d71e76a5800d3ed4b2ab975",
  },
  {
    "description": "External documentation and library research. Use for official docs lookup, GitHub examples, and understanding library internals.",
    "name": "librarian",
    "promptSha256": "4f9a9437d3a25a4793eed803b94abf040f0735c4f5fb605b8a58f63deb877597",
  },
  {
    "description": "Strategic technical advisor. Use for architecture decisions, complex debugging, code review, simplification, and engineering guidance.",
    "name": "oracle",
    "promptSha256": "bd1522a845428be9e6d0ed25738adc15f21d1ef6fba92b993c06193b75431f85",
  },
  {
    "description": "UI/UX design, review, and implementation. Use for styling, responsive design, component architecture and visual polish.",
    "name": "designer",
    "promptSha256": "2e15a01498fb39df7212b78e9164a4650defc7415a9825da7ac37bda316d5b02",
  },
  {
    "description": "Fast implementation specialist. Receives complete context and task spec, executes code changes efficiently.",
    "name": "fixer",
    "promptSha256": "982e1ee6a2e944dfb78dd5b60af8d49a23f53327eccbfd35b556e64d16d5ba26",
  },
  {
    "description": "Visual analysis. Use for interpreting images, screenshots, PDFs, and diagrams - extracts structured observations without loading raw files into main context. Requires a vision-capable model.",
    "name": "observer",
    "promptSha256": "e139c92282ecbefa02cbe3526367c8608e54babc7811c9e9f04063abe4a20903",
  },
]
`;
